// Vitest Snapshot v1, https://vitest.dev/guide/snapshot.html

exports[`ChatInput Component > renders correctly and matches snapshot 1`] = `
<div>
  <div
    class="sticky bottom-0 z-10 pt-2 pb-2"
  >
    <div
      class="w-[min(95vw,525px)] min-w-[min(95vw,525px)] bg-botBubble shadow-2xl rounded-3xl px-4 py-1.5 mx-auto flex flex-col gap-1.5"
    >
      <div
        class="relative flex items-center w-full"
      >
        <textarea
          autocomplete="off"
          class="w-full bg-transparent resize-none border-none focus:outline-none focus:ring-0 pr-12 py-1.5 text-text placeholder:text-text/60 text-sm max-h-[96px] font-normal font-sans"
          placeholder="Ask anything..."
          rows="1"
          style="scrollbar-width: none; height: 0px; overflow-y: hidden;"
        />
        <button
          aria-label="Send message"
          class="p-2 rounded-full text-slate-400 hover:text-slate-100 hover:bg-slate-800 active:bg-slate-700 transition-colors duration-150 ease-in-out focus:outline-none focus-visible:ring-2 focus-visible:ring-sky-500 focus-visible:ring-offset-2 focus-visible:ring-offset-slate-900 disabled:opacity-50 disabled:cursor-not-allowed absolute right-0 top-1/2 -translate-y-1/2 h-[38px] w-[38px]"
          disabled=""
          type="button"
        >
          <svg
            aria-hidden="true"
            class="lucide lucide-arrow-up-right"
            fill="none"
            height="22"
            stroke="currentColor"
            stroke-linecap="round"
            stroke-linejoin="round"
            stroke-width="2"
            viewBox="0 0 24 24"
            width="22"
            xmlns="http://www.w3.org/2000/svg"
          >
            <path
              d="M7 7h10v10"
            />
            <path
              d="M7 17 17 7"
            />
          </svg>
        </button>
      </div>
      <div
        class="flex items-center justify-start gap-2 pt-2"
      >
        <a
          href="/dashboard"
        >
          <svg
            aria-hidden="true"
            class="lucide lucide-layout-dashboard"
            fill="none"
            height="18"
            stroke="currentColor"
            stroke-linecap="round"
            stroke-linejoin="round"
            stroke-width="2"
            viewBox="0 0 24 24"
            width="18"
            xmlns="http://www.w3.org/2000/svg"
          >
            <rect
              height="9"
              rx="1"
              width="7"
              x="3"
              y="3"
            />
            <rect
              height="5"
              rx="1"
              width="7"
              x="14"
              y="3"
            />
            <rect
              height="9"
              rx="1"
              width="7"
              x="14"
              y="12"
            />
            <rect
              height="5"
              rx="1"
              width="7"
              x="3"
              y="16"
            />
          </svg>
          <span>
            Dashboard
          </span>
        </a>
         
        <button
          aria-label="Enable voice mode"
          aria-pressed="false"
          class="p-2 rounded-full text-slate-400 hover:text-slate-100 hover:bg-slate-800 active:bg-slate-700 transition-colors duration-150 ease-in-out focus:outline-none focus-visible:ring-2 focus-visible:ring-sky-500 focus-visible:ring-offset-2 focus-visible:ring-offset-slate-900 disabled:opacity-50 disabled:cursor-not-allowed p-1.5"
          type="button"
        >
          <svg
            aria-hidden="true"
            class="lucide lucide-volume-x"
            fill="none"
            height="22"
            stroke="currentColor"
            stroke-linecap="round"
            stroke-linejoin="round"
            stroke-width="2"
            viewBox="0 0 24 24"
            width="22"
            xmlns="http://www.w3.org/2000/svg"
          >
            <path
              d="M11 4.702a.705.705 0 0 0-1.203-.498L6.413 7.587A1.4 1.4 0 0 1 5.416 8H3a1 1 0 0 0-1 1v6a1 1 0 0 0 1 1h2.416a1.4 1.4 0 0 1 .997.413l3.383 3.384A.705.705 0 0 0 11 19.298z"
            />
            <line
              x1="22"
              x2="16"
              y1="9"
              y2="15"
            />
            <line
              x1="16"
              x2="22"
              y1="9"
              y2="15"
            />
          </svg>
        </button>
        <button
          aria-label="Start voice input"
          aria-pressed="false"
          class="p-2 rounded-full hover:bg-slate-800 active:bg-slate-700 transition-colors duration-150 ease-in-out focus:outline-none focus-visible:ring-2 focus-visible:ring-sky-500 focus-visible:ring-offset-2 focus-visible:ring-offset-slate-900 disabled:opacity-50 disabled:cursor-not-allowed text-slate-400 p-1.5"
          type="button"
        >
          <svg
            aria-hidden="true"
            class="lucide lucide-mic"
            fill="none"
            height="22"
            stroke="currentColor"
            stroke-linecap="round"
            stroke-linejoin="round"
            stroke-width="2"
            viewBox="0 0 24 24"
            width="22"
            xmlns="http://www.w3.org/2000/svg"
          >
            <path
              d="M12 2a3 3 0 0 0-3 3v7a3 3 0 0 0 6 0V5a3 3 0 0 0-3-3Z"
            />
            <path
              d="M19 10v2a7 7 0 0 1-14 0v-2"
            />
            <line
              x1="12"
              x2="12"
              y1="19"
              y2="22"
            />
          </svg>
        </button>
      </div>
    </div>
  </div>
</div>
`;
